Created symlink from /etc/systemd/system/multi-user.target.wants/fail2ban.service to /usr/lib/systemd/system/fail2ban.service.
2022-10-12 23:35:55,117 fail2ban                [2059]: ERROR   Failed to access socket path: /var/run/fail2ban/fail2ban.sock. Is fail2ban running?
